// Jest Snapshot v1, https://goo.gl/fbAQLP

exports[`addDetoxProguardRules adds proguard rules to gradle 1`] = `
"

android {
    compileSdkVersion rootProject.ext.compileSdkVersion
    
    buildTypes {
        debug {
            signingConfig signingConfigs.debug
        }
        release {
            // Caution! In production, you need to generate your own keystore file.
            // see https://reactnative.dev/docs/signed-apk-android.
            signingConfig signingConfigs.debug
            minifyEnabled enableProguardInReleaseBuilds
            proguardFiles getDefaultProguardFile(\\"proguard-android.txt\\"), \\"proguard-rules.pro\\"
    // Detox-specific additions to pro-guard
    proguardFile \\"\${rootProject.projectDir}/../node_modules/detox/android/detox/proguard-rules-app.pro\\"
    
        }
    }
}
"
`;
